// Jest Snapshot v1, https://goo.gl/fbAQLP

exports[`Image Snapshot 1`] = `
<div
  className="css-vxrtof-GridComponent e57qer20"
  dir="ltr"
>
  <img
    alt="image"
    className="css-1rfwwn3-StyledImg e1enwo3v0"
    height={null}
    sizes={null}
    src="photo"
    srcSet={null}
    width={null}
  />
</div>
`;
